
> jechemine@0.1.0 build
> next build

   Γû▓ Next.js 15.5.12
   - Environments: .env

   Creating an optimized production build ...
node.exe : Failed to compile.
At line:1 char:1
+ & "C:\Program Files\nodejs/node.exe" "C:\Program Files\nodejs/node_mo ...
+ ~~~~~~~~~~~~~~~~~~~~~~~~~~~~~~~~~~~~~~~~~~~~~~~~~~~~~~~~~~~~~~~~~~~~~
    + CategoryInfo          : NotSpecified: (Failed to compile.:String) [], RemoteException
    + FullyQualifiedErrorId : NativeCommandError
 

./src/app/(privilaged)/client/dashboard/billing/page.tsx
Error:   [31mx[0m Unexpected token. Did you mean `{'}'}` or `&rbrace;`?
     ,-[[36;1;4mD:\Telegram 
Desktop\cheminement-main\cheminement-main\src\app\(privilaged)\client\dashboard\billing\page.tsx[0m:475:1]
 [2m472[0m |                   </div>
 [2m473[0m |                 </div>
 [2m474[0m |               </div>
 [2m475[0m |             ))}
     : [35;1m              ^[0m
 [2m476[0m |           </div>
 [2m477[0m |         )}
 [2m478[0m |       )
     `----
  [31mx[0m Expected '</', got '}'
     ,-[[36;1;4mD:\Telegram 
Desktop\cheminement-main\cheminement-main\src\app\(privilaged)\client\dashboard\billing\page.tsx[0m:477:1]
 [2m474[0m |               </div>
 [2m475[0m |             ))}
 [2m476[0m |           </div>
 [2m477[0m |         )}
     : [35;1m         ^[0m
 [2m478[0m |       )
 [2m479[0m | 
 [2m480[0m |       {/* Payment Modal */}
     `----

Caused by:
    Syntax Error

Import trace for requested module:
./src/app/(privilaged)/client/dashboard/billing/page.tsx


> Build failed because of webpack errors
